[debug] [2026-06-30T02:40:00.334Z] ----------------------------------------------------------------------
[debug] [2026-06-30T02:40:00.340Z] Command:       C:\Program Files\nodejs\node.exe C:\Users\jaber\AppData\Roaming\npm\node_modules\firebase-tools\lib\bin\firebase.js emulators:start
[debug] [2026-06-30T02:40:00.341Z] CLI Version:   15.22.3
[debug] [2026-06-30T02:40:00.341Z] Platform:      win32
[debug] [2026-06-30T02:40:00.341Z] Node Version:  v24.18.0
[debug] [2026-06-30T02:40:00.341Z] Detected Agent: unknown
[debug] [2026-06-30T02:40:00.341Z] Time:          Mon Jun 29 2026 23:40:00 GMT-0300 (hora estándar de Argentina)
[debug] [2026-06-30T02:40:00.341Z] ----------------------------------------------------------------------
[debug] 
[debug] [2026-06-30T02:40:02.942Z] > command requires scopes: ["email","openid","https://www.googleapis.com/auth/cloudplatformprojects.readonly","https://www.googleapis.com/auth/firebase","https://www.googleapis.com/auth/cloud-platform"]
[debug] [2026-06-30T02:40:02.943Z] > authorizing via signed-in user (joacoberriosb@gmail.com)
[debug] [2026-06-30T02:40:03.044Z] openjdk version "25.0.3" 2026-04-21 LTS

[debug] [2026-06-30T02:40:03.045Z] OpenJDK Runtime Environment Temurin-25.0.3+9 (build 25.0.3+9-LTS)
OpenJDK 64-Bit Server VM Temurin-25.0.3+9 (build 25.0.3+9-LTS, mixed mode, sharing)

[debug] [2026-06-30T02:40:03.055Z] Parsed Java major version: 25
[info] i  emulators: Starting emulators: auth, functions, firestore, extensions {"metadata":{"emulator":{"name":"hub"},"message":"Starting emulators: auth, functions, firestore, extensions"}}
[debug] [2026-06-30T02:40:03.063Z] Checked if tokens are valid: true, expires at: 1782790445021
[debug] [2026-06-30T02:40:03.063Z] Checked if tokens are valid: true, expires at: 1782790445021
[debug] [2026-06-30T02:40:03.065Z] >>> [apiv2][query] GET https://serviceusage.googleapis.com/v1/projects/fretix-dev/services/cloudresourcemanager.googleapis.com [none]
[debug] [2026-06-30T02:40:03.066Z] >>> [apiv2][(partial)header] GET https://serviceusage.googleapis.com/v1/projects/fretix-dev/services/cloudresourcemanager.googleapis.com  x-goog-user-project=fretix-dev
[debug] [2026-06-30T02:40:04.378Z] <<< [apiv2][status] GET https://serviceusage.googleapis.com/v1/projects/fretix-dev/services/cloudresourcemanager.googleapis.com 400
[debug] [2026-06-30T02:40:04.378Z] <<< [apiv2][body] GET https://serviceusage.googleapis.com/v1/projects/fretix-dev/services/cloudresourcemanager.googleapis.com [omitted]
[debug] [2026-06-30T02:40:04.378Z] Unable to check that https://cloudresourcemanager.googleapis.com is enabled on fretix-dev. Calls to it will fail if it is not enabled
[debug] [2026-06-30T02:40:04.378Z] Checked if tokens are valid: true, expires at: 1782790445021
[debug] [2026-06-30T02:40:04.379Z] Checked if tokens are valid: true, expires at: 1782790445021
[debug] [2026-06-30T02:40:04.379Z] >>> [apiv2][query] GET https://cloudresourcemanager.googleapis.com/v1/projects/fretix-dev [none]
[debug] [2026-06-30T02:40:05.764Z] <<< [apiv2][status] GET https://cloudresourcemanager.googleapis.com/v1/projects/fretix-dev 403
[debug] [2026-06-30T02:40:05.764Z] <<< [apiv2][body] GET https://cloudresourcemanager.googleapis.com/v1/projects/fretix-dev {"error":{"code":403,"message":"The caller does not have permission","status":"PERMISSION_DENIED"}}
[error] !!  extensions: Unable to look up project number for fretix-dev.
 If this is a real project, ensure that you are logged in and have access to it.
 If this is a fake project, please use a project ID starting with 'demo-' to skip production calls.
 Continuing with a fake project number - secrets and other features that require production access may behave unexpectedly. {"metadata":{"emulator":{"name":"extensions"},"message":"Unable to look up project number for fretix-dev.\n If this is a real project, ensure that you are logged in and have access to it.\n If this is a fake project, please use a project ID starting with 'demo-' to skip production calls.\n Continuing with a fake project number - secrets and other features that require production access may behave unexpectedly."}}
[debug] [2026-06-30T02:40:05.783Z] [logging] Logging Emulator only supports listening on one address (127.0.0.1). Not listening on ::1
[debug] [2026-06-30T02:40:05.783Z] [auth] Authentication Emulator only supports listening on one address (127.0.0.1). Not listening on ::1
[debug] [2026-06-30T02:40:05.783Z] [firestore] Firestore Emulator only supports listening on one address (127.0.0.1). Not listening on ::1
[debug] [2026-06-30T02:40:05.783Z] [firestore.websocket] websocket server for firestore only supports listening on one address (127.0.0.1). Not listening on ::1
[debug] [2026-06-30T02:40:05.783Z] assigned listening specs for emulators {"user":{"hub":[{"address":"127.0.0.1","family":"IPv4","port":4400},{"address":"::1","family":"IPv6","port":4400}],"ui":[{"address":"127.0.0.1","family":"IPv4","port":4000},{"address":"::1","family":"IPv6","port":4000}],"logging":[{"address":"127.0.0.1","family":"IPv4","port":4500}],"auth":[{"address":"127.0.0.1","family":"IPv4","port":9099}],"firestore":[{"address":"127.0.0.1","family":"IPv4","port":8080}],"firestore.websocket":[{"address":"127.0.0.1","family":"IPv4","port":9150}]},"metadata":{"message":"assigned listening specs for emulators"}}
[debug] [2026-06-30T02:40:05.789Z] Write emulator hub locator at C:\Users\jaber\AppData\Local\Temp\hub-fretix-dev.json
[debug] [2026-06-30T02:40:05.797Z] [Extensions] Started Extensions emulator, this is a noop.
[debug] [2026-06-30T02:40:05.803Z] [functions] Functions Emulator only supports listening on one address (127.0.0.1). Not listening on ::1
[debug] [2026-06-30T02:40:05.803Z] [eventarc] Eventarc Emulator only supports listening on one address (127.0.0.1). Not listening on ::1
[debug] [2026-06-30T02:40:05.803Z] [tasks] Cloud Tasks Emulator only supports listening on one address (127.0.0.1). Not listening on ::1
[debug] [2026-06-30T02:40:05.803Z] late-assigned ports for functions and eventarc emulators {"user":{"hub":[{"address":"127.0.0.1","family":"IPv4","port":4400},{"address":"::1","family":"IPv6","port":4400}],"ui":[{"address":"127.0.0.1","family":"IPv4","port":4000},{"address":"::1","family":"IPv6","port":4000}],"logging":[{"address":"127.0.0.1","family":"IPv4","port":4500}],"auth":[{"address":"127.0.0.1","family":"IPv4","port":9099}],"firestore":[{"address":"127.0.0.1","family":"IPv4","port":8080}],"firestore.websocket":[{"address":"127.0.0.1","family":"IPv4","port":9150}],"functions":[{"address":"127.0.0.1","family":"IPv4","port":5001}],"eventarc":[{"address":"127.0.0.1","family":"IPv4","port":9299}],"tasks":[{"address":"127.0.0.1","family":"IPv4","port":9499}]},"metadata":{"message":"late-assigned ports for functions and eventarc emulators"}}
[warn] !  functions: The following emulators are not running, calls to these services from the Functions emulator will affect production: apphosting, database, hosting, pubsub, storage, dataconnect {"metadata":{"emulator":{"name":"functions"},"message":"The following emulators are not running, calls to these services from the Functions emulator will affect production: \u001b[1mapphosting, database, hosting, pubsub, storage, dataconnect\u001b[22m"}}
[debug] [2026-06-30T02:40:05.873Z] defaultcredentials: writing to file C:\Users\jaber\AppData\Roaming\firebase\joacoberriosb_gmail_com_application_default_credentials.json
[debug] [2026-06-30T02:40:05.875Z] Setting GAC to C:\Users\jaber\AppData\Roaming\firebase\joacoberriosb_gmail_com_application_default_credentials.json {"metadata":{"emulator":{"name":"functions"},"message":"Setting GAC to C:\\Users\\jaber\\AppData\\Roaming\\firebase\\joacoberriosb_gmail_com_application_default_credentials.json"}}
[debug] [2026-06-30T02:40:05.876Z] Checked if tokens are valid: true, expires at: 1782790445021
[debug] [2026-06-30T02:40:05.876Z] Checked if tokens are valid: true, expires at: 1782790445021
[debug] [2026-06-30T02:40:05.876Z] >>> [apiv2][query] GET https://firebase.googleapis.com/v1beta1/projects/fretix-dev/adminSdkConfig [none]
[debug] [2026-06-30T02:40:06.555Z] <<< [apiv2][status] GET https://firebase.googleapis.com/v1beta1/projects/fretix-dev/adminSdkConfig 403
[debug] [2026-06-30T02:40:06.555Z] <<< [apiv2][body] GET https://firebase.googleapis.com/v1beta1/projects/fretix-dev/adminSdkConfig {"error":{"code":403,"message":"The caller does not have permission","status":"PERMISSION_DENIED"}}
[debug] [2026-06-30T02:40:06.555Z] Failed to get Admin SDK config for fretix-dev, falling back to cache Failed to get Admin SDK for Firebase project fretix-dev. Please make sure the project exists and your account has permission to access it. {"name":"FirebaseError","children":[],"exit":2,"message":"Failed to get Admin SDK for Firebase project fretix-dev. Please make sure the project exists and your account has permission to access it.","original":{"name":"FirebaseError","children":[],"context":{"body":{"error":{"code":403,"message":"The caller does not have permission","status":"PERMISSION_DENIED"}},"response":{"statusCode":403}},"exit":1,"message":"Request to https://firebase.googleapis.com/v1beta1/projects/fretix-dev/adminSdkConfig had HTTP Error: 403, The caller does not have permission","status":403},"status":500}
[warn] !  functions: Unable to fetch project Admin SDK configuration, Admin SDK behavior in Cloud Functions emulator may be incorrect. {"metadata":{"emulator":{"name":"functions"},"message":"Unable to fetch project Admin SDK configuration, Admin SDK behavior in Cloud Functions emulator may be incorrect."}}
[info] i  firestore: downloading cloud-firestore-emulator-v1.21.0.jar... {"metadata":{"emulator":{"name":"firestore"},"message":"downloading cloud-firestore-emulator-v1.21.0.jar..."}}
[debug] [2026-06-30T02:40:06.580Z] >>> [apiv2][query] GET https://storage.googleapis.com/firebase-preview-drop/emulator/cloud-firestore-emulator-v1.21.0.jar 
[debug] [2026-06-30T02:40:07.053Z] <<< [apiv2][status] GET https://storage.googleapis.com/firebase-preview-drop/emulator/cloud-firestore-emulator-v1.21.0.jar 200
[debug] [2026-06-30T02:40:07.053Z] <<< [apiv2][body] GET https://storage.googleapis.com/firebase-preview-drop/emulator/cloud-firestore-emulator-v1.21.0.jar [stream]
[debug] [2026-06-30T02:40:34.406Z] Ignoring unsupported arg: auto_download {"metadata":{"emulator":{"name":"firestore"},"message":"Ignoring unsupported arg: auto_download"}}
[debug] [2026-06-30T02:40:34.406Z] Ignoring unsupported arg: single_project_mode_error {"metadata":{"emulator":{"name":"firestore"},"message":"Ignoring unsupported arg: single_project_mode_error"}}
[debug] [2026-06-30T02:40:34.406Z] Starting Firestore Emulator with command {"binary":"java","args":["-Dgoogle.cloud_firestore.debug_log_level=FINE","-Duser.language=en","-jar","C:\\Users\\jaber\\.cache\\firebase\\emulators\\cloud-firestore-emulator-v1.21.0.jar","--host","127.0.0.1","--port",8080,"--websocket_port",9150,"--database-edition","standard","--project_id","fretix-dev","--rules","C:\\Users\\jaber\\Desktop\\FRETIX\\firestore.rules","--single_project_mode",true,"--functions_emulator","127.0.0.1:5001"],"optionalArgs":["port","webchannel_port","host","rules","websocket_port","database-edition","functions_emulator","seed_from_export","project_id","single_project_mode"],"joinArgs":false,"shell":false,"port":8080} {"metadata":{"emulator":{"name":"firestore"},"message":"Starting Firestore Emulator with command {\"binary\":\"java\",\"args\":[\"-Dgoogle.cloud_firestore.debug_log_level=FINE\",\"-Duser.language=en\",\"-jar\",\"C:\\\\Users\\\\jaber\\\\.cache\\\\firebase\\\\emulators\\\\cloud-firestore-emulator-v1.21.0.jar\",\"--host\",\"127.0.0.1\",\"--port\",8080,\"--websocket_port\",9150,\"--database-edition\",\"standard\",\"--project_id\",\"fretix-dev\",\"--rules\",\"C:\\\\Users\\\\jaber\\\\Desktop\\\\FRETIX\\\\firestore.rules\",\"--single_project_mode\",true,\"--functions_emulator\",\"127.0.0.1:5001\"],\"optionalArgs\":[\"port\",\"webchannel_port\",\"host\",\"rules\",\"websocket_port\",\"database-edition\",\"functions_emulator\",\"seed_from_export\",\"project_id\",\"single_project_mode\"],\"joinArgs\":false,\"shell\":false,\"port\":8080}"}}
[info] i  firestore: Firestore Emulator logging to firestore-debug.log {"metadata":{"emulator":{"name":"firestore"},"message":"Firestore Emulator logging to \u001b[1mfirestore-debug.log\u001b[22m"}}
[debug] [2026-06-30T02:40:34.769Z] WARNING: A terminally deprecated method in sun.misc.Unsafe has been called
WARNING: sun.misc.Unsafe::allocateMemory has been called by io.netty.util.internal.PlatformDependent0$2 (file:/C:/Users/jaber/.cache/firebase/emulators/cloud-firestore-emulator-v1.21.0.jar)
WARNING: Please consider reporting this to the maintainers of class io.netty.util.internal.PlatformDependent0$2
WARNING: sun.misc.Unsafe::allocateMemory will be removed in a future release
 {"metadata":{"emulator":{"name":"firestore"},"message":"WARNING: A terminally deprecated method in sun.misc.Unsafe has been called\nWARNING: sun.misc.Unsafe::allocateMemory has been called by io.netty.util.internal.PlatformDependent0$2 (file:/C:/Users/jaber/.cache/firebase/emulators/cloud-firestore-emulator-v1.21.0.jar)\nWARNING: Please consider reporting this to the maintainers of class io.netty.util.internal.PlatformDependent0$2\nWARNING: sun.misc.Unsafe::allocateMemory will be removed in a future release\r\n"}}
[debug] [2026-06-30T02:40:35.757Z] Jun 29, 2026 11:40:35 PM com.google.cloud.datastore.emulator.firestore.websocket.WebSocketServer start
INFO: Started WebSocket server on ws://127.0.0.1:9150
 {"metadata":{"emulator":{"name":"firestore"},"message":"Jun 29, 2026 11:40:35 PM com.google.cloud.datastore.emulator.firestore.websocket.WebSocketServer start\r\nINFO: Started WebSocket server on ws://127.0.0.1:9150\r\n"}}
[debug] [2026-06-30T02:40:35.834Z] 
API endpoint: http:// {"metadata":{"emulator":{"name":"firestore"},"message":"\nAPI endpoint: http://"}}
[debug] [2026-06-30T02:40:35.835Z] 127.0.0.1:8080
Database Edition: STANDARD
Database Mode: CLOUD_FIRESTORE

If you are using a library that supports the FIRESTORE_EMULATOR_HOST environment variable, run:

   export FIRESTORE_EMULATOR_HOST=127.0.0.1:8080

If you are running a Firestore in Datastore Mode project, run:

   export DATASTORE_EMULATOR_HOST=127.0.0.1:8080

Note: Support for Datastore Mode is in preview. If you encounter any bugs please file at https://github.com/firebase/firebase-tools/issues.
Dev App Server is now running.

 {"metadata":{"emulator":{"name":"firestore"},"message":"127.0.0.1:8080\nDatabase Edition: STANDARD\nDatabase Mode: CLOUD_FIRESTORE\n\nIf you are using a library that supports the FIRESTORE_EMULATOR_HOST environment variable, run:\r\n\n   export FIRESTORE_EMULATOR_HOST=127.0.0.1:8080\n\nIf you are running a Firestore in Datastore Mode project, run:\r\n\n   export DATASTORE_EMULATOR_HOST=127.0.0.1:8080\n\nNote: Support for Datastore Mode is in preview. If you encounter any bugs please file at https://github.com/firebase/firebase-tools/issues.\r\nDev App Server is now running.\n\r\n"}}
[info] +  firestore: Firestore Emulator was started in standard edition. {"metadata":{"emulator":{"name":"firestore"},"message":"Firestore Emulator was started in standard edition."}}
[info] +  firestore: Firestore Emulator UI websocket is running on 9150. {"metadata":{"emulator":{"name":"firestore"},"message":"Firestore Emulator UI websocket is running on 9150."}}
[info] i  ui: downloading ui-v1.15.0.zip... {"metadata":{"emulator":{"name":"ui"},"message":"downloading ui-v1.15.0.zip..."}}
[debug] [2026-06-30T02:40:42.268Z] >>> [apiv2][query] GET https://storage.googleapis.com/firebase-preview-drop/emulator/ui-v1.15.0.zip 
[debug] [2026-06-30T02:40:42.400Z] <<< [apiv2][status] GET https://storage.googleapis.com/firebase-preview-drop/emulator/ui-v1.15.0.zip 200
[debug] [2026-06-30T02:40:42.400Z] <<< [apiv2][body] GET https://storage.googleapis.com/firebase-preview-drop/emulator/ui-v1.15.0.zip [stream]
[debug] [2026-06-30T02:40:43.315Z] Data is 3538469
[debug] [2026-06-30T02:40:43.316Z] [unzip] Entry: client/ (compressed_size=0 bytes, uncompressed_size=0 bytes)
[debug] [2026-06-30T02:40:43.316Z] [unzip] Processing entry: client\
[debug] [2026-06-30T02:40:43.316Z] [unzip] mkdir: C:\Users\jaber\.cache\firebase\emulators\ui-v1.15.0\client\
[debug] [2026-06-30T02:40:43.317Z] [unzip] Entry: client/favicon-16x16.png (compressed_size=293 bytes, uncompressed_size=293 bytes)
[debug] [2026-06-30T02:40:43.317Z] [unzip] Processing entry: client\favicon-16x16.png
[debug] [2026-06-30T02:40:43.317Z] [unzip] else mkdir: C:\Users\jaber\.cache\firebase\emulators\ui-v1.15.0\client
[debug] [2026-06-30T02:40:43.317Z] [unzip] Writing file: C:\Users\jaber\.cache\firebase\emulators\ui-v1.15.0\client\favicon-16x16.png
[debug] [2026-06-30T02:40:43.319Z] [unzip] Entry: client/safari-pinned-tab.svg (compressed_size=1433 bytes, uncompressed_size=2611 bytes)
[debug] [2026-06-30T02:40:43.319Z] [unzip] Processing entry: client\safari-pinned-tab.svg
[debug] [2026-06-30T02:40:43.320Z] [unzip] else mkdir: C:\Users\jaber\.cache\firebase\emulators\ui-v1.15.0\client
[debug] [2026-06-30T02:40:43.320Z] [unzip] deflating: C:\Users\jaber\.cache\firebase\emulators\ui-v1.15.0\client\safari-pinned-tab.svg
[debug] [2026-06-30T02:40:43.326Z] [unzip] Entry: client/favicon.ico (compressed_size=2933 bytes, uncompressed_size=13294 bytes)
[debug] [2026-06-30T02:40:43.326Z] [unzip] Processing entry: client\favicon.ico
[debug] [2026-06-30T02:40:43.326Z] [unzip] else mkdir: C:\Users\jaber\.cache\firebase\emulators\ui-v1.15.0\client
[debug] [2026-06-30T02:40:43.326Z] [unzip] deflating: C:\Users\jaber\.cache\firebase\emulators\ui-v1.15.0\client\favicon.ico
[debug] [2026-06-30T02:40:43.328Z] [unzip] Entry: client/index.html (compressed_size=1364 bytes, uncompressed_size=3071 bytes)
[debug] [2026-06-30T02:40:43.328Z] [unzip] Processing entry: client\index.html
[debug] [2026-06-30T02:40:43.328Z] [unzip] else mkdir: C:\Users\jaber\.cache\firebase\emulators\ui-v1.15.0\client
[debug] [2026-06-30T02:40:43.328Z] [unzip] deflating: C:\Users\jaber\.cache\firebase\emulators\ui-v1.15.0\client\index.html
[debug] [2026-06-30T02:40:43.330Z] [unzip] Entry: client/android-chrome-192x192.png (compressed_size=2684 bytes, uncompressed_size=2684 bytes)
[debug] [2026-06-30T02:40:43.330Z] [unzip] Processing entry: client\android-chrome-192x192.png
[debug] [2026-06-30T02:40:43.330Z] [unzip] else mkdir: C:\Users\jaber\.cache\firebase\emulators\ui-v1.15.0\client
[debug] [2026-06-30T02:40:43.330Z] [unzip] Writing file: C:\Users\jaber\.cache\firebase\emulators\ui-v1.15.0\client\android-chrome-192x192.png
[debug] [2026-06-30T02:40:43.331Z] [unzip] Entry: client/apple-touch-icon.png (compressed_size=2123 bytes, uncompressed_size=2152 bytes)
[debug] [2026-06-30T02:40:43.331Z] [unzip] Processing entry: client\apple-touch-icon.png
[debug] [2026-06-30T02:40:43.331Z] [unzip] else mkdir: C:\Users\jaber\.cache\firebase\emulators\ui-v1.15.0\client
[debug] [2026-06-30T02:40:43.332Z] [unzip] deflating: C:\Users\jaber\.cache\firebase\emulators\ui-v1.15.0\client\apple-touch-icon.png
[debug] [2026-06-30T02:40:43.333Z] [unzip] Entry: client/android-chrome-512x512.png (compressed_size=5369 bytes, uncompressed_size=5411 bytes)
[debug] [2026-06-30T02:40:43.333Z] [unzip] Processing entry: client\android-chrome-512x512.png
[debug] [2026-06-30T02:40:43.333Z] [unzip] else mkdir: C:\Users\jaber\.cache\firebase\emulators\ui-v1.15.0\client
[debug] [2026-06-30T02:40:43.333Z] [unzip] deflating: C:\Users\jaber\.cache\firebase\emulators\ui-v1.15.0\client\android-chrome-512x512.png
[debug] [2026-06-30T02:40:43.334Z] [unzip] Entry: client/manifest.json (compressed_size=245 bytes, uncompressed_size=551 bytes)
[debug] [2026-06-30T02:40:43.334Z] [unzip] Processing entry: client\manifest.json
[debug] [2026-06-30T02:40:43.334Z] [unzip] else mkdir: C:\Users\jaber\.cache\firebase\emulators\ui-v1.15.0\client
[debug] [2026-06-30T02:40:43.334Z] [unzip] deflating: C:\Users\jaber\.cache\firebase\emulators\ui-v1.15.0\client\manifest.json
[debug] [2026-06-30T02:40:43.335Z] [unzip] Entry: client/robots.txt (compressed_size=26 bytes, uncompressed_size=26 bytes)
[debug] [2026-06-30T02:40:43.335Z] [unzip] Processing entry: client\robots.txt
[debug] [2026-06-30T02:40:43.335Z] [unzip] else mkdir: C:\Users\jaber\.cache\firebase\emulators\ui-v1.15.0\client
[debug] [2026-06-30T02:40:43.335Z] [unzip] Writing file: C:\Users\jaber\.cache\firebase\emulators\ui-v1.15.0\client\robots.txt
[debug] [2026-06-30T02:40:43.336Z] [unzip] Entry: client/mstile-150x150.png (compressed_size=2034 bytes, uncompressed_size=2034 bytes)
[debug] [2026-06-30T02:40:43.336Z] [unzip] Processing entry: client\mstile-150x150.png
[debug] [2026-06-30T02:40:43.336Z] [unzip] else mkdir: C:\Users\jaber\.cache\firebase\emulators\ui-v1.15.0\client
[debug] [2026-06-30T02:40:43.337Z] [unzip] Writing file: C:\Users\jaber\.cache\firebase\emulators\ui-v1.15.0\client\mstile-150x150.png
[debug] [2026-06-30T02:40:43.337Z] [unzip] Entry: client/assets/ (compressed_size=0 bytes, uncompressed_size=0 bytes)
[debug] [2026-06-30T02:40:43.337Z] [unzip] Processing entry: client\assets\
[debug] [2026-06-30T02:40:43.338Z] [unzip] mkdir: C:\Users\jaber\.cache\firebase\emulators\ui-v1.15.0\client\assets\
[debug] [2026-06-30T02:40:43.338Z] [unzip] Entry: client/assets/index-BX-A56oj.js (compressed_size=582089 bytes, uncompressed_size=2092775 bytes)
[debug] [2026-06-30T02:40:43.338Z] [unzip] Processing entry: client\assets\index-BX-A56oj.js
[debug] [2026-06-30T02:40:43.338Z] [unzip] else mkdir: C:\Users\jaber\.cache\firebase\emulators\ui-v1.15.0\client\assets
[debug] [2026-06-30T02:40:43.338Z] [unzip] deflating: C:\Users\jaber\.cache\firebase\emulators\ui-v1.15.0\client\assets\index-BX-A56oj.js
[debug] [2026-06-30T02:40:43.348Z] [unzip] Entry: client/assets/index-CjB9C900.css (compressed_size=35979 bytes, uncompressed_size=298654 bytes)
[debug] [2026-06-30T02:40:43.348Z] [unzip] Processing entry: client\assets\index-CjB9C900.css
[debug] [2026-06-30T02:40:43.348Z] [unzip] else mkdir: C:\Users\jaber\.cache\firebase\emulators\ui-v1.15.0\client\assets
[debug] [2026-06-30T02:40:43.349Z] [unzip] deflating: C:\Users\jaber\.cache\firebase\emulators\ui-v1.15.0\client\assets\index-CjB9C900.css
[debug] [2026-06-30T02:40:43.351Z] [unzip] Entry: client/assets/index-BX-A56oj.js.map (compressed_size=2362482 bytes, uncompressed_size=10036679 bytes)
[debug] [2026-06-30T02:40:43.351Z] [unzip] Processing entry: client\assets\index-BX-A56oj.js.map
[debug] [2026-06-30T02:40:43.351Z] [unzip] else mkdir: C:\Users\jaber\.cache\firebase\emulators\ui-v1.15.0\client\assets
[debug] [2026-06-30T02:40:43.351Z] [unzip] deflating: C:\Users\jaber\.cache\firebase\emulators\ui-v1.15.0\client\assets\index-BX-A56oj.js.map
[debug] [2026-06-30T02:40:43.389Z] [unzip] Entry: client/assets/extensions/ (compressed_size=0 bytes, uncompressed_size=0 bytes)
[debug] [2026-06-30T02:40:43.389Z] [unzip] Processing entry: client\assets\extensions\
[debug] [2026-06-30T02:40:43.389Z] [unzip] mkdir: C:\Users\jaber\.cache\firebase\emulators\ui-v1.15.0\client\assets\extensions\
[debug] [2026-06-30T02:40:43.390Z] [unzip] Entry: client/assets/extensions/default-extension.png (compressed_size=1646 bytes, uncompressed_size=1657 bytes)
[debug] [2026-06-30T02:40:43.390Z] [unzip] Processing entry: client\assets\extensions\default-extension.png
[debug] [2026-06-30T02:40:43.390Z] [unzip] else mkdir: C:\Users\jaber\.cache\firebase\emulators\ui-v1.15.0\client\assets\extensions
[debug] [2026-06-30T02:40:43.390Z] [unzip] deflating: C:\Users\jaber\.cache\firebase\emulators\ui-v1.15.0\client\assets\extensions\default-extension.png
[debug] [2026-06-30T02:40:43.391Z] [unzip] Entry: client/assets/img/ (compressed_size=0 bytes, uncompressed_size=0 bytes)
[debug] [2026-06-30T02:40:43.391Z] [unzip] Processing entry: client\assets\img\
[debug] [2026-06-30T02:40:43.391Z] [unzip] mkdir: C:\Users\jaber\.cache\firebase\emulators\ui-v1.15.0\client\assets\img\
[debug] [2026-06-30T02:40:43.392Z] [unzip] Entry: client/assets/img/database.png (compressed_size=29449 bytes, uncompressed_size=29988 bytes)
[debug] [2026-06-30T02:40:43.392Z] [unzip] Processing entry: client\assets\img\database.png
[debug] [2026-06-30T02:40:43.392Z] [unzip] else mkdir: C:\Users\jaber\.cache\firebase\emulators\ui-v1.15.0\client\assets\img
[debug] [2026-06-30T02:40:43.392Z] [unzip] deflating: C:\Users\jaber\.cache\firebase\emulators\ui-v1.15.0\client\assets\img\database.png
[debug] [2026-06-30T02:40:43.393Z] [unzip] Entry: client/assets/provider-icons/ (compressed_size=0 bytes, uncompressed_size=0 bytes)
[debug] [2026-06-30T02:40:43.393Z] [unzip] Processing entry: client\assets\provider-icons\
[debug] [2026-06-30T02:40:43.393Z] [unzip] mkdir: C:\Users\jaber\.cache\firebase\emulators\ui-v1.15.0\client\assets\provider-icons\
[debug] [2026-06-30T02:40:43.393Z] [unzip] Entry: client/assets/provider-icons/auth_service_saml.svg (compressed_size=575 bytes, uncompressed_size=1226 bytes)
[debug] [2026-06-30T02:40:43.393Z] [unzip] Processing entry: client\assets\provider-icons\auth_service_saml.svg
[debug] [2026-06-30T02:40:43.393Z] [unzip] else mkdir: C:\Users\jaber\.cache\firebase\emulators\ui-v1.15.0\client\assets\provider-icons
[debug] [2026-06-30T02:40:43.394Z] [unzip] deflating: C:\Users\jaber\.cache\firebase\emulators\ui-v1.15.0\client\assets\provider-icons\auth_service_saml.svg
[debug] [2026-06-30T02:40:43.394Z] [unzip] Entry: client/assets/provider-icons/auth_service_phone.svg (compressed_size=261 bytes, uncompressed_size=414 bytes)
[debug] [2026-06-30T02:40:43.395Z] [unzip] Processing entry: client\assets\provider-icons\auth_service_phone.svg
[debug] [2026-06-30T02:40:43.395Z] [unzip] else mkdir: C:\Users\jaber\.cache\firebase\emulators\ui-v1.15.0\client\assets\provider-icons
[debug] [2026-06-30T02:40:43.395Z] [unzip] deflating: C:\Users\jaber\.cache\firebase\emulators\ui-v1.15.0\client\assets\provider-icons\auth_service_phone.svg
[debug] [2026-06-30T02:40:43.396Z] [unzip] Entry: client/assets/provider-icons/auth_service_facebook.svg (compressed_size=289 bytes, uncompressed_size=457 bytes)
[debug] [2026-06-30T02:40:43.396Z] [unzip] Processing entry: client\assets\provider-icons\auth_service_facebook.svg
[debug] [2026-06-30T02:40:43.396Z] [unzip] else mkdir: C:\Users\jaber\.cache\firebase\emulators\ui-v1.15.0\client\assets\provider-icons
[debug] [2026-06-30T02:40:43.396Z] [unzip] deflating: C:\Users\jaber\.cache\firebase\emulators\ui-v1.15.0\client\assets\provider-icons\auth_service_facebook.svg
[debug] [2026-06-30T02:40:43.397Z] [unzip] Entry: client/assets/provider-icons/auth_service_game_center.svg (compressed_size=991 bytes, uncompressed_size=3921 bytes)
[debug] [2026-06-30T02:40:43.397Z] [unzip] Processing entry: client\assets\provider-icons\auth_service_game_center.svg
[debug] [2026-06-30T02:40:43.397Z] [unzip] else mkdir: C:\Users\jaber\.cache\firebase\emulators\ui-v1.15.0\client\assets\provider-icons
[debug] [2026-06-30T02:40:43.397Z] [unzip] deflating: C:\Users\jaber\.cache\firebase\emulators\ui-v1.15.0\client\assets\provider-icons\auth_service_game_center.svg
[debug] [2026-06-30T02:40:43.398Z] [unzip] Entry: client/assets/provider-icons/auth_service_apple.svg (compressed_size=230 bytes, uncompressed_size=334 bytes)
[debug] [2026-06-30T02:40:43.398Z] [unzip] Processing entry: client\assets\provider-icons\auth_service_apple.svg
[debug] [2026-06-30T02:40:43.398Z] [unzip] else mkdir: C:\Users\jaber\.cache\firebase\emulators\ui-v1.15.0\client\assets\provider-icons
[debug] [2026-06-30T02:40:43.398Z] [unzip] deflating: C:\Users\jaber\.cache\firebase\emulators\ui-v1.15.0\client\assets\provider-icons\auth_service_apple.svg
[debug] [2026-06-30T02:40:43.399Z] [unzip] Entry: client/assets/provider-icons/auth_service_github.svg (compressed_size=466 bytes, uncompressed_size=838 bytes)
[debug] [2026-06-30T02:40:43.399Z] [unzip] Processing entry: client\assets\provider-icons\auth_service_github.svg
[debug] [2026-06-30T02:40:43.399Z] [unzip] else mkdir: C:\Users\jaber\.cache\firebase\emulators\ui-v1.15.0\client\assets\provider-icons
[debug] [2026-06-30T02:40:43.399Z] [unzip] deflating: C:\Users\jaber\.cache\firebase\emulators\ui-v1.15.0\client\assets\provider-icons\auth_service_github.svg
[debug] [2026-06-30T02:40:43.400Z] [unzip] Entry: client/assets/provider-icons/auth_service_mslive.svg (compressed_size=203 bytes, uncompressed_size=378 bytes)
[debug] [2026-06-30T02:40:43.400Z] [unzip] Processing entry: client\assets\provider-icons\auth_service_mslive.svg
[debug] [2026-06-30T02:40:43.400Z] [unzip] else mkdir: C:\Users\jaber\.cache\firebase\emulators\ui-v1.15.0\client\assets\provider-icons
[debug] [2026-06-30T02:40:43.400Z] [unzip] deflating: C:\Users\jaber\.cache\firebase\emulators\ui-v1.15.0\client\assets\provider-icons\auth_service_mslive.svg
[debug] [2026-06-30T02:40:43.401Z] [unzip] Entry: client/assets/provider-icons/auth_service_yahoo.svg (compressed_size=577 bytes, uncompressed_size=1182 bytes)
[debug] [2026-06-30T02:40:43.401Z] [unzip] Processing entry: client\assets\provider-icons\auth_service_yahoo.svg
[debug] [2026-06-30T02:40:43.402Z] [unzip] else mkdir: C:\Users\jaber\.cache\firebase\emulators\ui-v1.15.0\client\assets\provider-icons
[debug] [2026-06-30T02:40:43.402Z] [unzip] deflating: C:\Users\jaber\.cache\firebase\emulators\ui-v1.15.0\client\assets\provider-icons\auth_service_yahoo.svg
[debug] [2026-06-30T02:40:43.403Z] [unzip] Entry: client/assets/provider-icons/auth_service_twitter.svg (compressed_size=444 bytes, uncompressed_size=751 bytes)
[debug] [2026-06-30T02:40:43.403Z] [unzip] Processing entry: client\assets\provider-icons\auth_service_twitter.svg
[debug] [2026-06-30T02:40:43.403Z] [unzip] else mkdir: C:\Users\jaber\.cache\firebase\emulators\ui-v1.15.0\client\assets\provider-icons
[debug] [2026-06-30T02:40:43.403Z] [unzip] deflating: C:\Users\jaber\.cache\firebase\emulators\ui-v1.15.0\client\assets\provider-icons\auth_service_twitter.svg
[debug] [2026-06-30T02:40:43.404Z] [unzip] Entry: client/assets/provider-icons/auth_service_play_games.svg (compressed_size=565 bytes, uncompressed_size=1173 bytes)
[debug] [2026-06-30T02:40:43.404Z] [unzip] Processing entry: client\assets\provider-icons\auth_service_play_games.svg
[debug] [2026-06-30T02:40:43.404Z] [unzip] else mkdir: C:\Users\jaber\.cache\firebase\emulators\ui-v1.15.0\client\assets\provider-icons
[debug] [2026-06-30T02:40:43.404Z] [unzip] deflating: C:\Users\jaber\.cache\firebase\emulators\ui-v1.15.0\client\assets\provider-icons\auth_service_play_games.svg
[debug] [2026-06-30T02:40:43.406Z] [unzip] Entry: client/assets/provider-icons/auth_service_email.svg (compressed_size=228 bytes, uncompressed_size=326 bytes)
[debug] [2026-06-30T02:40:43.406Z] [unzip] Processing entry: client\assets\provider-icons\auth_service_email.svg
[debug] [2026-06-30T02:40:43.406Z] [unzip] else mkdir: C:\Users\jaber\.cache\firebase\emulators\ui-v1.15.0\client\assets\provider-icons
[debug] [2026-06-30T02:40:43.406Z] [unzip] deflating: C:\Users\jaber\.cache\firebase\emulators\ui-v1.15.0\client\assets\provider-icons\auth_service_email.svg
[debug] [2026-06-30T02:40:43.407Z] [unzip] Entry: client/assets/provider-icons/auth_service_google.svg (compressed_size=409 bytes, uncompressed_size=720 bytes)
[debug] [2026-06-30T02:40:43.407Z] [unzip] Processing entry: client\assets\provider-icons\auth_service_google.svg
[debug] [2026-06-30T02:40:43.407Z] [unzip] else mkdir: C:\Users\jaber\.cache\firebase\emulators\ui-v1.15.0\client\assets\provider-icons
[debug] [2026-06-30T02:40:43.408Z] [unzip] deflating: C:\Users\jaber\.cache\firebase\emulators\ui-v1.15.0\client\assets\provider-icons\auth_service_google.svg
[debug] [2026-06-30T02:40:43.409Z] [unzip] Entry: client/assets/provider-icons/auth_service_oidc.svg (compressed_size=414 bytes, uncompressed_size=858 bytes)
[debug] [2026-06-30T02:40:43.409Z] [unzip] Processing entry: client\assets\provider-icons\auth_service_oidc.svg
[debug] [2026-06-30T02:40:43.409Z] [unzip] else mkdir: C:\Users\jaber\.cache\firebase\emulators\ui-v1.15.0\client\assets\provider-icons
[debug] [2026-06-30T02:40:43.409Z] [unzip] deflating: C:\Users\jaber\.cache\firebase\emulators\ui-v1.15.0\client\assets\provider-icons\auth_service_oidc.svg
[debug] [2026-06-30T02:40:43.410Z] [unzip] Entry: client/browserconfig.xml (compressed_size=491 bytes, uncompressed_size=822 bytes)
[debug] [2026-06-30T02:40:43.410Z] [unzip] Processing entry: client\browserconfig.xml
[debug] [2026-06-30T02:40:43.410Z] [unzip] else mkdir: C:\Users\jaber\.cache\firebase\emulators\ui-v1.15.0\client
[debug] [2026-06-30T02:40:43.410Z] [unzip] deflating: C:\Users\jaber\.cache\firebase\emulators\ui-v1.15.0\client\browserconfig.xml
[debug] [2026-06-30T02:40:43.411Z] [unzip] Entry: client/favicon-32x32.png (compressed_size=475 bytes, uncompressed_size=475 bytes)
[debug] [2026-06-30T02:40:43.411Z] [unzip] Processing entry: client\favicon-32x32.png
[debug] [2026-06-30T02:40:43.411Z] [unzip] else mkdir: C:\Users\jaber\.cache\firebase\emulators\ui-v1.15.0\client
[debug] [2026-06-30T02:40:43.411Z] [unzip] Writing file: C:\Users\jaber\.cache\firebase\emulators\ui-v1.15.0\client\favicon-32x32.png
[debug] [2026-06-30T02:40:43.412Z] [unzip] Entry: server/ (compressed_size=0 bytes, uncompressed_size=0 bytes)
[debug] [2026-06-30T02:40:43.412Z] [unzip] Processing entry: server\
[debug] [2026-06-30T02:40:43.412Z] [unzip] mkdir: C:\Users\jaber\.cache\firebase\emulators\ui-v1.15.0\server\
[debug] [2026-06-30T02:40:43.412Z] [unzip] Entry: server/server.mjs.map (compressed_size=217845 bytes, uncompressed_size=944978 bytes)
[debug] [2026-06-30T02:40:43.412Z] [unzip] Processing entry: server\server.mjs.map
[debug] [2026-06-30T02:40:43.412Z] [unzip] else mkdir: C:\Users\jaber\.cache\firebase\emulators\ui-v1.15.0\server
[debug] [2026-06-30T02:40:43.413Z] [unzip] deflating: C:\Users\jaber\.cache\firebase\emulators\ui-v1.15.0\server\server.mjs.map
[debug] [2026-06-30T02:40:43.416Z] [unzip] Entry: server/server.mjs (compressed_size=276407 bytes, uncompressed_size=933701 bytes)
[debug] [2026-06-30T02:40:43.417Z] [unzip] Processing entry: server\server.mjs
[debug] [2026-06-30T02:40:43.417Z] [unzip] else mkdir: C:\Users\jaber\.cache\firebase\emulators\ui-v1.15.0\server
[debug] [2026-06-30T02:40:43.417Z] [unzip] deflating: C:\Users\jaber\.cache\firebase\emulators\ui-v1.15.0\server\server.mjs
[debug] [2026-06-30T02:40:43.424Z] [Extensions] Connecting Extensions emulator, this is a noop.
[info] i  functions: Watching "C:\Users\jaber\Desktop\FRETIX\functions" for Cloud Functions... {"metadata":{"emulator":{"name":"functions"},"message":"Watching \"C:\\Users\\jaber\\Desktop\\FRETIX\\functions\" for Cloud Functions..."}}
[debug] [2026-06-30T02:40:43.426Z] Validating nodejs source
[warn] !  functions: package.json indicates an outdated version of firebase-functions. Please upgrade using npm install --save firebase-functions@latest in your functions directory. 
[warn] !  functions: Please note that there will be breaking changes when you upgrade. 
[debug] [2026-06-30T02:40:44.778Z] > [functions] package.json contents: {
  "name": "fretix-functions",
  "description": "Cloud Functions de Fretix",
  "scripts": {
    "serve": "firebase emulators:start --only functions",
    "shell": "firebase functions:shell",
    "start": "npm run shell",
    "deploy": "firebase deploy --only functions",
    "logs": "firebase functions:log"
  },
  "engines": {
    "node": "20"
  },
  "main": "index.js",
  "dependencies": {
    "firebase-admin": "^12.0.0",
    "firebase-functions": "^5.0.0"
  },
  "private": true
}
[debug] [2026-06-30T02:40:44.779Z] Building nodejs source
[debug] [2026-06-30T02:40:44.780Z] Failed to find version of module node: reached end of search path C:\Users\jaber\Desktop\FRETIX\functions\node_modules
[warn] !  functions: Your requested "node" version "20" doesn't match your global version "24". Using node@24 from host. 
[debug] [2026-06-30T02:40:44.782Z] Could not find functions.yaml. Must use http discovery
[debug] [2026-06-30T02:40:44.788Z] Found firebase-functions binary at 'C:\Users\jaber\Desktop\FRETIX\functions\node_modules\.bin\firebase-functions'
[info] Serving at port 8260

[debug] [2026-06-30T02:40:45.981Z] Got response from /__/functions.yaml {"endpoints":{"completarOnboardingFretix":{"availableMemoryMb":null,"timeoutSeconds":null,"minInstances":null,"maxInstances":null,"ingressSettings":null,"concurrency":null,"serviceAccountEmail":null,"vpc":null,"platform":"gcfv2","region":["us-central1"],"labels":{},"callableTrigger":{},"entryPoint":"completarOnboardingFretix"}},"specVersion":"v1alpha1","requiredAPIs":[],"extensions":{}}
[debug] [2026-06-30T02:40:50.027Z] defaultcredentials: writing to file C:\Users\jaber\AppData\Roaming\firebase\joacoberriosb_gmail_com_application_default_credentials.json
[debug] [2026-06-30T02:40:50.029Z] Setting GAC to C:\Users\jaber\AppData\Roaming\firebase\joacoberriosb_gmail_com_application_default_credentials.json {"metadata":{"emulator":{"name":"functions"},"message":"Setting GAC to C:\\Users\\jaber\\AppData\\Roaming\\firebase\\joacoberriosb_gmail_com_application_default_credentials.json"}}
[info] +  functions: Loaded functions definitions from source: completarOnboardingFretix. {"metadata":{"emulator":{"name":"functions"},"message":"Loaded functions definitions from source: completarOnboardingFretix."}}
[info] +  functions[us-central1-completarOnboardingFretix]: http function initialized (http://127.0.0.1:5001/fretix-dev/us-central1/completarOnboardingFretix). {"metadata":{"emulator":{"name":"functions"},"message":"\u001b[1mhttp\u001b[22m function initialized (http://127.0.0.1:5001/fretix-dev/us-central1/completarOnboardingFretix)."}}
[debug] [2026-06-30T02:40:50.041Z] Could not find VSCode notification endpoint: FetchError: request to http://localhost:40001/vscode/notify failed, reason: . If you are not running the Firebase SQL Connect VSCode extension, this is expected and not an issue.
[info] 
┌─────────────────────────────────────────────────────────────┐
│ ✔  All emulators ready! It is now safe to connect your app. │
│ i  View Emulator UI at http://127.0.0.1:4000/               │
└─────────────────────────────────────────────────────────────┘

┌────────────────┬────────────────┬──────────────────────────────────┐
│ Emulator       │ Host:Port      │ View in Emulator UI              │
├────────────────┼────────────────┼──────────────────────────────────┤
│ Authentication │ 127.0.0.1:9099 │ http://127.0.0.1:4000/auth       │
├────────────────┼────────────────┼──────────────────────────────────┤
│ Functions      │ 127.0.0.1:5001 │ http://127.0.0.1:4000/functions  │
├────────────────┼────────────────┼──────────────────────────────────┤
│ Firestore      │ 127.0.0.1:8080 │ http://127.0.0.1:4000/firestore  │
├────────────────┼────────────────┼──────────────────────────────────┤
│ Extensions     │ 127.0.0.1:5001 │ http://127.0.0.1:4000/extensions │
└────────────────┴────────────────┴──────────────────────────────────┘
  Emulator Hub host: 127.0.0.1 port: 4400
  Other reserved ports: 4500, 9150
┌─────────────────────────┬───────────────┬─────────────────────┐
│ Extension Instance Name │ Extension Ref │ View in Emulator UI │
└─────────────────────────┴───────────────┴─────────────────────┘
Issues? Report them at https://github.com/firebase/firebase-tools/issues and attach the *-debug.log files.
 
[debug] [2026-06-30T02:41:04.544Z] Jun 29, 2026 11:41:04 PM com.google.cloud.datastore.emulator.firestore.websocket.WebSocketChannelHandler initChannel
INFO: Connected to new websocket client
 {"metadata":{"emulator":{"name":"firestore"},"message":"Jun 29, 2026 11:41:04 PM com.google.cloud.datastore.emulator.firestore.websocket.WebSocketChannelHandler initChannel\r\nINFO: Connected to new websocket client\r\n"}}
[debug] [2026-06-30T02:41:17.217Z] Jun 29, 2026 11:41:17 PM com.google.cloud.datastore.emulator.firestore.websocket.WebSocketChannelHandler initChannel
INFO: Connected to new websocket client
 {"metadata":{"emulator":{"name":"firestore"},"message":"Jun 29, 2026 11:41:17 PM com.google.cloud.datastore.emulator.firestore.websocket.WebSocketChannelHandler initChannel\r\nINFO: Connected to new websocket client\r\n"}}
[debug] [2026-06-30T02:41:19.964Z] Jun 29, 2026 11:41:19 PM com.google.cloud.datastore.emulator.firestore.websocket.WebSocketChannelHandler channelClosed
INFO: Websocket client disconnected
 {"metadata":{"emulator":{"name":"firestore"},"message":"Jun 29, 2026 11:41:19 PM com.google.cloud.datastore.emulator.firestore.websocket.WebSocketChannelHandler channelClosed\r\nINFO: Websocket client disconnected\r\n"}}
[debug] [2026-06-30T02:41:52.116Z] Jun 29, 2026 11:41:52 PM io.gapi.emulators.netty.HttpVersionRoutingHandler channelRead
INFO: Detected non-HTTP/2 connection.
 {"metadata":{"emulator":{"name":"firestore"},"message":"Jun 29, 2026 11:41:52 PM io.gapi.emulators.netty.HttpVersionRoutingHandler channelRead\r\nINFO: Detected non-HTTP/2 connection.\r\n"}}
[debug] [2026-06-30T02:41:52.422Z] Jun 29, 2026 11:41:52 PM io.grpc.netty.TcpMetrics loadEpollInfo
INFO: Epoll available during static init of TcpMetrics:false
 {"metadata":{"emulator":{"name":"firestore"},"message":"Jun 29, 2026 11:41:52 PM io.grpc.netty.TcpMetrics loadEpollInfo\r\nINFO: Epoll available during static init of TcpMetrics:false\r\n"}}
[debug] [2026-06-30T02:41:52.453Z] Jun 29, 2026 11:41:52 PM io.gapi.emulators.netty.HttpVersionRoutingHandler channelRead
INFO: Detected HTTP/2 connection.
 {"metadata":{"emulator":{"name":"firestore"},"message":"Jun 29, 2026 11:41:52 PM io.gapi.emulators.netty.HttpVersionRoutingHandler channelRead\r\nINFO: Detected HTTP/2 connection.\r\n"}}
[debug] [2026-06-30T02:42:16.708Z] Jun 29, 2026 11:42:16 PM com.google.cloud.datastore.emulator.firestore.websocket.WebSocketChannelHandler initChannel
INFO: Connected to new websocket client
 {"metadata":{"emulator":{"name":"firestore"},"message":"Jun 29, 2026 11:42:16 PM com.google.cloud.datastore.emulator.firestore.websocket.WebSocketChannelHandler initChannel\r\nINFO: Connected to new websocket client\r\n"}}
